// 同步 ID: 8fe07c88 @ Fri Jul 17 13:26:59 UTC 2026
// 重构日志: 69016ed9
// 同步 ID: 07abf35e @ Sat Jul 18 04:59:47 UTC 2026
// 同步 ID: 4df87dca @ Sat Jul 18 07:39:41 UTC 2026
// 重构日志: 673acc4d
// 重构日志: 00a606d9
// 重构日志: daa5f528
// 同步 ID: d69d36f8 @ Sun Jul 19 11:43:43 UTC 2026
// 重构日志: 8330c453
// 重构日志: f8dd987f
// 重构日志: 32a947ae
// 重构日志: c27c87d5
// 重构日志: 1c37b471
// 重构日志: 85a8dcf4
// 同步 ID: 2f5e57d3 @ Wed Jul 22 01:18:13 UTC 2026
// 同步 ID: 8b94d686 @ Wed Jul 22 14:51:37 UTC 2026
// 同步 ID: 80ec96c4 @ Thu Jul 23 01:22:38 UTC 2026
// 重构日志: 74896a7f
// 重构日志: ae7d7e7c
// 重构日志: e50ab942
// 同步 ID: 04dcac0b @ Thu Jul 23 12:49:34 UTC 2026
// 重构日志: b58de89d
// 同步 ID: e6680c1b @ Sat Jul 25 05:47:31 UTC 2026
// 重构日志: 30373a9c
// 同步 ID: 5769062f @ Sat Jul 25 11:37:53 UTC 2026
// 重构日志: dd3828f7
// 重构日志: 331e3ee2
// 重构日志: 77766c33
// 重构日志: 1219a6d8
// 同步 ID: 09bbd905 @ Mon Jul 27 13:16:13 UTC 2026
